_prefs: 
  disabled: []
  inspector: false
  mapid: ''
  rev: ''
  saveCenter: true
attribution: John Doe 2013.
center: 
  - 0
  - 0
  - 3
description: ''
Layer: 
  - id: solid
    Datasource: 
      file: BASEPATH/fixtures-local source/10m-900913-bounding-box.shp
      type: shape
    description: ''
    fields: {}
    properties: 
      "buffer-size": 0
    srs: +proj=merc +a=6378137 +b=6378137 +lat_ts=0.0 +lon_0=0.0 +x_0=0.0 +y_0=0.0 +k=1.0 +units=m +nadgrids=@null +wktext +no_defs +over
  - id: box
    Datasource: 
      file: BASEPATH/fixtures-local source/10m_lakes_historic.shp
      type: shape
    description: ''
    fields: {}
    properties: 
      "buffer-size": 0
    srs: +proj=merc +a=6378137 +b=6378137 +lat_ts=0.0 +lon_0=0.0 +x_0=0.0 +y_0=0.0 +k=1.0 +units=m +nadgrids=@null +wktext +no_defs +over
maxzoom: 6
minzoom: 0
name: Test source
