<?xml version="1.0" encoding="utf-8"?>
<!DOCTYPE Map[]>
<Map srs="+proj=merc +a=6378137 +b=6378137 +lat_ts=0.0 +lon_0=0.0 +x_0=0.0 +y_0=0.0 +k=1.0 +units=m +nadgrids=@null +wktext +no_defs +over">

<Parameters>
  <Parameter name="attribution"><![CDATA[John Doe 2013.]]></Parameter>
  <Parameter name="center">0,0,3</Parameter>
  <Parameter name="format">pbf</Parameter>
  <Parameter name="json"><![CDATA[{"vector_layers":[{"id":"solid","description":"","fields":{"Id":"Number"}},{"id":"box","description":"","fields":{"ScaleRank":"String","FeatureCla":"String","Name1":"String","Name2":"String","Date":"String"}}]}]]></Parameter>
  <Parameter name="maxzoom">6</Parameter>
  <Parameter name="minzoom">0</Parameter>
  <Parameter name="name"><![CDATA[Test source]]></Parameter>
</Parameters>


<Layer name="solid"
  buffer-size="0"
  srs="+proj=merc +a=6378137 +b=6378137 +lat_ts=0.0 +lon_0=0.0 +x_0=0.0 +y_0=0.0 +k=1.0 +units=m +nadgrids=@null +wktext +no_defs +over">
    
    <Datasource>
       <Parameter name="file"><![CDATA[BASEPATH/fixtures-local source/10m-900913-bounding-box.shp]]></Parameter>
       <Parameter name="type"><![CDATA[shape]]></Parameter>
    </Datasource>
  </Layer>

<Layer name="box"
  buffer-size="0"
  srs="+proj=merc +a=6378137 +b=6378137 +lat_ts=0.0 +lon_0=0.0 +x_0=0.0 +y_0=0.0 +k=1.0 +units=m +nadgrids=@null +wktext +no_defs +over">
    
    <Datasource>
       <Parameter name="file"><![CDATA[BASEPATH/fixtures-local source/10m_lakes_historic.shp]]></Parameter>
       <Parameter name="type"><![CDATA[shape]]></Parameter>
    </Datasource>
  </Layer>

</Map>