{
  "_prefs": {
    "saveCenter": true
  },
  "_properties": {
    "bridge": {
      "group-by": "layer"
    }
  },
  "attribution": "<a href='https://www.mapbox.com/about/maps/' target='_blank'>&copy; Mapbox &copy; OpenStreetMap</a> <a class='mapbox-improve-map' href='https://www.mapbox.com/map-feedback/' target='_blank'>Improve this map</a>",
  "bounds": [
    -180,
    -85.0511,
    180,
    85.0511
  ],
  "center": [
    0,
    20,
    3
  ],
  "description": "",
  "format": "png8:m=h",
  "interactivity_layer": "",
  "layers": null,
  "maxzoom": 22,
  "minzoom": 0,
  "name": "",
  "source": "mapbox:///mapbox.mapbox-streets-v5",
  "styles": {
    "style.mss": "// Languages: name (local), name_en, name_fr, name_es, name_de\n@name: '[name_en]';\n\n// Fonts //\n@sans: 'Source Sans Pro Regular';\n@sans_italic: 'Source Sans Pro Italic';\n@sans_bold: 'Source Sans Pro Semibold';\n\n// Common Colors //\n@land: #fff;\n@water: #c3e6ff;\n\nMap { background-color: @land; }\n\n// Political boundaries //\n\n#admin[admin_level=2][maritime=0] {\n  line-join: round;\n  line-color: #bbe;\n  line-width: 1.4;\n  [zoom>=6] { line-width: 2; }\n  [zoom>=8] { line-width: 4; }\n  [disputed=1] { line-dasharray: 4,4; }\n}\n\n// Places //\n\n#country_label[zoom>=3] {\n  text-name: @name;\n  text-face-name: @sans_bold;\n  text-fill: #66a;\n  text-size: 12;\n  [zoom>=3][scalerank=1],\n  [zoom>=4][scalerank=2],\n  [zoom>=5][scalerank=3],\n  [zoom>=6][scalerank>3] {\n    text-size: 14;\n  }\n  [zoom>=4][scalerank=1],\n  [zoom>=5][scalerank=2],\n  [zoom>=6][scalerank=3],\n  [zoom>=7][scalerank>3] {\n    text-size: 16;\n  }\n}\n\n#country_label_line { line-color: fadeout(#66a,75%); }\n\n#place_label[localrank<=2] {\n  [type='city'][zoom<=15] {\n    text-name: @name;\n    text-face-name: @sans_bold;\n    text-fill: #444;\n    text-size: 16;\n    [zoom>=10] { text-size: 18; }\n    [zoom>=12] { text-size: 24; }\n  }\n  [type='town'][zoom<=17] {\n    text-name: @name;\n    text-face-name: @sans;\n    text-fill: #333;\n    text-size: 14;\n    [zoom>=10] { text-size: 16; }\n    [zoom>=12] { text-size: 20; }\n  }\n  [type='village'] {\n    text-name: @name;\n    text-face-name: @sans;\n    text-fill: #444;\n    text-size: 12;\n    [zoom>=12] { text-size: 14; }\n    [zoom>=14] { text-size: 18; }\n  }\n  [type='hamlet'],\n  [type='suburb'],\n  [type='neighbourhood'] {\n    text-name: @name;\n    text-face-name: @sans;\n    text-fill: #666;\n    text-size: 12;\n    [zoom>=14] { text-size: 14; }\n    [zoom>=16] { text-size: 16; }\n  }\n}\n\n// Water Features //\n\n#water {\n  polygon-fill: @water;\n  polygon-gamma: 0.6;\n}\n\n#water_label {\n  [zoom<=13],  // automatic area filtering @ low zooms\n  [zoom>=14][area>500000],\n  [zoom>=16][area>10000],\n  [zoom>=17] {\n    text-name: @name;\n    text-face-name: @sans_italic;\n    text-fill: darken(@water, 30%);\n    text-size: 13;\n    text-wrap-width: 100;\n    text-wrap-before: true;\n  }\n}\n\n#waterway {\n  [type='river'],\n  [type='canal'] {\n    line-color: @water;\n    line-width: 0.5;\n    [zoom>=12] { line-width: 1; }\n    [zoom>=14] { line-width: 2; }\n    [zoom>=16] { line-width: 3; }\n  }\n  [type='stream'] {\n    line-color: @water;\n    line-width: 0.5;\n    [zoom>=14] { line-width: 1; }\n    [zoom>=16] { line-width: 2; }\n    [zoom>=18] { line-width: 3; }\n  }\n}\n\n// Roads & Railways //\n\n#tunnel { opacity: 0.5; }\n\n#road,\n#tunnel,\n#bridge {\n  ['mapnik::geometry_type'=2] {\n    line-color: #cde;\n    line-width: 0.5;\n    [class='motorway'],\n    [class='main'] {\n      [zoom>=10] { line-width: 1; }\n      [zoom>=12] { line-width: 2; }\n      [zoom>=14] { line-width: 3; }\n      [zoom>=16] { line-width: 5; }\n    }\n    [class='street'],\n    [class='street_limited'] {\n      [zoom>=14] { line-width: 1; }\n      [zoom>=16] { line-width: 2; }\n    }\n    [class='street_limited'] { line-dasharray: 4,1; }\n  }\n}\n"
  },
  "template": "",
  "id": "tmstyle://[BASEPATH]",
  "_tmp": false,
  "_bookmarks": []
}